../Src/W25Qxx.c:3:13:W25Q_WriteEnable	8	static
../Src/W25Qxx.c:11:13:W25Q_WriteDisable	8	static
../Src/W25Qxx.c:19:13:W25Q_Reset	8	static
../Src/W25Qxx.c:28:6:W25Q_Init	8	static
../Src/W25Qxx.c:34:6:W25Q_PowerDown	8	static
../Src/W25Qxx.c:41:6:W25Q_PowerUp	8	static
../Src/W25Qxx.c:48:10:W25Q_ReadID	16	static
../Src/W25Qxx.c:59:10:W25Q_ReadUID	16	static
../Src/W25Qxx.c:70:6:W25Q_ReadData	40	static
../Src/W25Qxx.c:87:6:W25Q_FastReadData	40	static
../Src/W25Qxx.c:105:13:W25Q_WritePage	32	static
../Src/W25Qxx.c:120:6:W25Q_WriteData	48	static
../Src/W25Qxx.c:150:6:W25Q_EraseSector	24	static
../Src/W25Qxx.c:163:6:W25Q_Erase32kBlock	24	static
../Src/W25Qxx.c:176:6:W25Q_Erase64kBlock	24	static
../Src/W25Qxx.c:189:6:W25Q_EraseChip	8	static
../Src/W25Qxx.c:198:9:W25Q_ReadStatusRegister1	16	static
../Src/W25Qxx.c:208:9:W25Q_ReadStatusRegister2	16	static
../Src/W25Qxx.c:218:6:W25Q_WriteStatusRegister	16	static
../Src/W25Qxx.c:227:6:W25Q_WriteSecurityRegister	16	static
../Src/W25Qxx.c:232:6:W25Q_ReadSecurityRegister	32	static
../Src/W25Qxx.c:262:6:W25Q_EraseSecurityRegister	24	static
